// Jest Snapshot v1, https://goo.gl/fbAQLP

exports[`<Form /> renders the <Form /> with an error 1`] = `
<div
  class="form__Container-sc-7952rh-0 ddHCxX"
>
  <div
    class="form__Error-sc-7952rh-1 fNyHdm"
  >
    Your email address is already being used
  </div>
  <button
    class="form__Submit-sc-7952rh-8 gjRDZi"
    type="submit"
  >
    Sign In
  </button>
</div>
`;

exports[`<Form /> renders the <Form /> with populated data 1`] = `
<div
  class="form__Container-sc-7952rh-0 ddHCxX"
>
  <h1
    class="form__Title-sc-7952rh-3 fCKYwV"
  >
    Sign In Now
  </h1>
  <form
    class="form__Base-sc-7952rh-2 klyPny"
  >
    <input
      class="form__Input-sc-7952rh-7 gUryur"
      placeholder="Email address"
    />
    <input
      class="form__Input-sc-7952rh-7 gUryur"
      placeholder="Password"
      type="password"
    />
    <button
      class="form__Submit-sc-7952rh-8 gjRDZi"
      disabled=""
      type="submit"
    >
      Sign In
    </button>
    <p
      class="form__Text-sc-7952rh-4 fxUZEo"
    >
      New to Netflix?
    </p>
    <p
      class="form__TextSmall-sc-7952rh-5 iEgvHc"
    >
      This page is protected by Google reCAPTCHA to ensure you're not a bot. Learn more.
    </p>
  </form>
</div>
`;
